cargo : warning: unused import: `error`
At line:1 char:1
+ cargo build --package 
master_orchestrator --lib 2>&1 > 
build_output.t ...
+ ~~~~~~~~~~~~~~~~~~~~~~~~~~~~~~~~~~~~~~~~~
~~~~~~~~~~~~~~~~~~~~~~~~~~~~
    + CategoryInfo          : NotSpecified 
   : (warning: unused import: `error`:Str  
  ing) [], RemoteException
    + FullyQualifiedErrorId : NativeComman 
   dError
 
 --> core\platform\src\audit.rs:5:15
  |
5 | use tracing::{error, info};
  |               ^^^^^
  |
  = note: `#[warn(unused_imports)]` (part 
of `#[warn(unused)]`) on by default

warning: unused import: `serde_json::json`
 --> core\platform\src\logging.rs:1:5
  |
1 | use serde_json::json;
  |     ^^^^^^^^^^^^^^^^

warning: unused imports: 
`CORRELATION_ID_FIELD`, 
`ENVIRONMENT_FIELD`, and `SERVICE_FIELD`
 --> core\platform\src\tracing.rs:2:28
  |
2 | use crate::logging::{self, 
CORRELATION_ID_FIELD, ENVIRONMENT_FIELD, 
SERVICE_FIELD};
  |                            
^^^^^^^^^^^^^^^^^^^^  ^^^^^^^^^^^^^^^^^  
^^^^^^^^^^^^^

warning: unused imports: `Level` and `span`
 --> core\platform\src\tracing.rs:4:32
  |
4 | use tracing::{info, info_span, span, 
Instrument, Level, Span};
  |                                ^^^^    
          ^^^^^

warning: `platform` (lib) generated 4 
warnings (run `cargo fix --lib -p 
platform` to apply 4 suggestions)
warning: unused import: `AuditEventType`
 --> core\master_orchestrator\src\api\audit
_middleware.rs:6:36
  |
6 | use platform::audit::{AuditLogger, 
AuditEventType};
  |                                    
^^^^^^^^^^^^^^
  |
  = note: `#[warn(unused_imports)]` (part 
of `#[warn(unused)]`) on by default

warning: unused import: `std::net::IpAddr`
 --> core\master_orchestrator\src\api\audit
_middleware.rs:8:5
  |
8 | use std::net::IpAddr;
  |     ^^^^^^^^^^^^^^^^

warning: unused imports: `SystemTime` and 
`UNIX_EPOCH`
 --> core\master_orchestrator\src\api\auth.
rs:3:17
  |
3 | use std::time::{SystemTime, 
UNIX_EPOCH};
  |                 ^^^^^^^^^^  ^^^^^^^^^^

warning: unused import: 
`add_correlation_id_to_span`
  --> core\master_orchestrator\src\api\http
.rs:10:16
   |
10 | use 
platform::{add_correlation_id_to_span, 
correlation_span, extract_correlation_id, 
record_counter};
   |                
^^^^^^^^^^^^^^^^^^^^^^^^^^

warning: unused import: `warn`
  --> core\master_orchestrator\src\api\http
.rs:12:28
   |
12 | use tracing::{error, info, warn, 
Instrument};
   |                            ^^^^

warning: unused import: `BoxBody`
 --> core\master_orchestrator\src\api\valid
ation.rs:4:12
  |
4 |     body::{BoxBody, MessageBody, 
EitherBody},
  |            ^^^^^^^

warning: unused import: 
`audit_middleware::SecurityAuditMiddleware`
  --> core\master_orchestrator\src\api\mod.
rs:15:5
   |
15 | use 
audit_middleware::SecurityAuditMiddleware;
   |     
^^^^^^^^^^^^^^^^^^^^^^^^^^^^^^^^^^^^^^^^^

warning: unused import: 
`RateLimitMiddleware`
  --> core\master_orchestrator\src\api\mod.
rs:17:35
   |
17 | use rate_limit::{RateLimitConfig, 
RateLimitMiddleware};
   |                                   
^^^^^^^^^^^^^^^^^^^

warning: unused import: 
`validation::RequestValidationMiddleware`
  --> core\master_orchestrator\src\api\mod.
rs:18:5
   |
18 | use 
validation::RequestValidationMiddleware;
   |     
^^^^^^^^^^^^^^^^^^^^^^^^^^^^^^^^^^^^^^^

warning: unused import: `std::fmt::Display`
 --> core\master_orchestrator\src\cache_ser
vice.rs:9:5
  |
9 | use std::fmt::Display;
  |     ^^^^^^^^^^^^^^^^^

warning: unused imports: `error` and `info`
  --> core\master_orchestrator\src\cache_se
rvice.rs:12:22
   |
12 | use tracing::{debug, error, info, 
warn};
   |                      ^^^^^  ^^^^

warning: unused import: `Connection`
 --> core\master_orchestrator\src\memory_se
rvice.rs:3:24
  |
3 | use rusqlite::{params, Connection};
  |                        ^^^^^^^^^^

warning: unused import: `info`
  --> core\master_orchestrator\src\tool_ser
vice.rs:11:22
   |
11 | use tracing::{debug, info, warn};
   |                      ^^^^

warning: unused import: `std::sync::Arc`
 --> core\master_orchestrator\src\redis_ser
vice.rs:1:5
  |
1 | use std::sync::Arc;
  |     ^^^^^^^^^^^^^^

warning: unused imports: `Client` and 
`Connection`
 --> core\master_orchestrator\src\redis_ser
vice.rs:4:13
  |
4 | use redis::{Client, Commands, 
Connection, RedisError};
  |             ^^^^^^            
^^^^^^^^^^

warning: unused import: `debug`
  --> core\master_orchestrator\src\redis_se
rvice.rs:10:34
   |
10 | use tracing::{error, info, warn, 
debug};
   |                                  ^^^^^

warning: fields `api_ctx` and `claims` are 
never read
  --> 
core\master_orchestrator\src\api\ws.rs:19:5
   |
18 | struct WsSession {
   |        --------- fields in this struct
19 |     api_ctx: ApiContext,
   |     ^^^^^^^
20 |     claims: Option<Claims>,
   |     ^^^^^^
   |
   = note: `#[warn(dead_code)]` (part of 
`#[warn(unused)]`) on by default

warning: function 
`agent_in_circuit_cooldown` is never used
  --> core\master_orchestrator\src\planner.
rs:27:4
   |
27 | fn agent_in_circuit_cooldown(
   |    ^^^^^^^^^^^^^^^^^^^^^^^^^

warning: `master_orchestrator` (lib) 
generated 18 warnings (run `cargo fix 
--lib -p master_orchestrator` to apply 16 
suggestions)
    Finished `dev` profile [unoptimized + 
debuginfo] target(s) in 0.40s
warning: the following packages contain 
code that will be rejected by a future 
version of Rust: redis v0.20.2, redis 
v0.23.3
note: to see what the problems were, use 
the option `--future-incompat-report`, or 
run `cargo report future-incompatibilities 
--id 1`
